✓ Initialized. View run at 
https://modal.com/apps/sissiwang/main/ap-2pVzPohG5u878PCIiOwoMc
Building image im-UUg5DhfQXLQWKzP4fNByLf

=> Step 0: FROM base

=> Step 1: RUN apt-get update
Get:1 http://deb.debian.org/debian bookworm InRelease [151 kB]
Get:2 http://deb.debian.org/debian bookworm-updates InRelease [55.4 kB]
Get:3 http://deb.debian.org/debian-security bookworm-security InRelease [34.8 kB]
Get:4 http://deb.debian.org/debian bookworm/main amd64 Packages [8790 kB]
Get:5 http://deb.debian.org/debian-security bookworm-security/main amd64 Packages [338 kB]
Fetched 9369 kB in 1s (8023 kB/s)
Reading package lists...

=> Step 2: RUN apt-get install -y git libgl1 libglib2.0-0
Reading package lists...
Building dependency tree...
Reading state information...
The following additional packages will be installed:
  git-man less libcbor0.8 libcurl3-gnutls libdrm-amdgpu1 libdrm-common
  libdrm-intel1 libdrm-nouveau2 libdrm-radeon1 libdrm2 libedit2 libelf1
  liberror-perl libfido2-1 libgl1-mesa-dri libglapi-mesa libglib2.0-data
  libglvnd0 libglx-mesa0 libglx0 libicu72 libllvm15 libnghttp2-14
  libpciaccess0 libpsl5 librtmp1 libsensors-config libsensors5 libssh2-1
  libssl3 libx11-xcb1 libxcb-dri2-0 libxcb-dri3-0 libxcb-glx0 libxcb-present0
  libxcb-randr0 libxcb-shm0 libxcb-sync1 libxcb-xfixes0 libxext6 libxfixes3
  libxml2 libxmuu1 libxshmfence1 libxxf86vm1 libz3-4 openssh-client openssl
  publicsuffix shared-mime-info xauth xdg-user-dirs
Suggested packages:
  gettext-base git-daemon-run | git-daemon-sysvinit git-doc git-email git-gui
  gitk gitweb git-cvs git-mediawiki git-svn low-memory-monitor pciutils
  lm-sensors keychain libpam-ssh monkeysphere ssh-askpass
The following NEW packages will be installed:
  git git-man less libcbor0.8 libcurl3-gnutls libdrm-amdgpu1 libdrm-common
  libdrm-intel1 libdrm-nouveau2 libdrm-radeon1 libdrm2 libedit2 libelf1
  liberror-perl libfido2-1 libgl1 libgl1-mesa-dri libglapi-mesa libglib2.0-0
  libglib2.0-data libglvnd0 libglx-mesa0 libglx0 libicu72 libllvm15
  libnghttp2-14 libpciaccess0 libpsl5 librtmp1 libsensors-config libsensors5
  libssh2-1 libx11-xcb1 libxcb-dri2-0 libxcb-dri3-0 libxcb-glx0
  libxcb-present0 libxcb-randr0 libxcb-shm0 libxcb-sync1 libxcb-xfixes0
  libxext6 libxfixes3 libxml2 libxmuu1 libxshmfence1 libxxf86vm1 libz3-4
  openssh-client publicsuffix shared-mime-info xauth xdg-user-dirs
The following packages will be upgraded:
  libssl3 openssl
2 upgraded, 53 newly installed, 0 to remove and 55 not upgraded.
Need to get 68.1 MB of archives.
After this operation, 288 MB of additional disk space will be used.
Get:1 http://deb.debian.org/debian bookworm/main amd64 less amd64 590-2.1~deb12u2 [132 kB]
Get:2 http://deb.debian.org/debian bookworm/main amd64 libedit2 amd64 3.1-20221030-2 [93.0 kB]
Get:3 http://deb.debian.org/debian bookworm/main amd64 libcbor0.8 amd64 0.8.0-2+b1 [27.4 kB]
Get:4 http://deb.debian.org/debian bookworm/main amd64 libssl3 amd64 3.0.20-1~deb12u2 [2036 kB]
Get:5 http://deb.debian.org/debian bookworm/main amd64 libfido2-1 amd64 1.12.0-2+b1 [77.2 kB]
Get:6 http://deb.debian.org/debian bookworm/main amd64 openssh-client amd64 1:9.2p1-2+deb12u10 [994 kB]
Get:7 http://deb.debian.org/debian bookworm/main amd64 libnghttp2-14 amd64 1.52.0-1+deb12u3 [72.4 kB]
Get:8 http://deb.debian.org/debian bookworm/main amd64 libpsl5 amd64 0.21.2-1 [58.7 kB]
Get:9 http://deb.debian.org/debian bookworm/main amd64 librtmp1 amd64 2.4+20151223.gitfa8646d.1-2+b2 [60.8 kB]
Get:10 http://deb.debian.org/debian-security bookworm-security/main amd64 libssh2-1 amd64 1.10.0-3+deb12u1 [176 kB]
Get:11 http://deb.debian.org/debian bookworm/main amd64 libcurl3-gnutls amd64 7.88.1-10+deb12u15 [386 kB]
Get:12 http://deb.debian.org/debian bookworm/main amd64 liberror-perl all 0.17029-2 [29.0 kB]
Get:13 http://deb.debian.org/debian bookworm/main amd64 git-man all 1:2.39.5-0+deb12u3 [2053 kB]
Get:14 http://deb.debian.org/debian bookworm/main amd64 git amd64 1:2.39.5-0+deb12u3 [7264 kB]
Get:15 http://deb.debian.org/debian bookworm/main amd64 libdrm-common all 2.4.114-1 [7112 B]
Get:16 http://deb.debian.org/debian bookworm/main amd64 libdrm2 amd64 2.4.114-1+b1 [37.5 kB]
Get:17 http://deb.debian.org/debian bookworm/main amd64 libdrm-amdgpu1 amd64 2.4.114-1+b1 [20.9 kB]
Get:18 http://deb.debian.org/debian bookworm/main amd64 libpciaccess0 amd64 0.17-2 [51.4 kB]
Get:19 http://deb.debian.org/debian bookworm/main amd64 libdrm-intel1 amd64 2.4.114-1+b1 [64.0 kB]
Get:20 http://deb.debian.org/debian bookworm/main amd64 libdrm-nouveau2 amd64 2.4.114-1+b1 [19.1 kB]
Get:21 http://deb.debian.org/debian bookworm/main amd64 libdrm-radeon1 amd64 2.4.114-1+b1 [21.8 kB]
Get:22 http://deb.debian.org/debian bookworm/main amd64 libelf1 amd64 0.188-2.1 [174 kB]
Get:23 http://deb.debian.org/debian bookworm/main amd64 libglvnd0 amd64 1.6.0-1 [51.8 kB]
Get:24 http://deb.debian.org/debian bookworm/main amd64 libglapi-mesa amd64 22.3.6-1+deb12u2 [35.9 kB]
Get:25 http://deb.debian.org/debian bookworm/main amd64 libx11-xcb1 amd64 2:1.8.4-2+deb12u2 [192 kB]
Get:26 http://deb.debian.org/debian bookworm/main amd64 libxcb-dri2-0 amd64 1.15-1 [107 kB]
Get:27 http://deb.debian.org/debian bookworm/main amd64 libxcb-dri3-0 amd64 1.15-1 [107 kB]
Get:28 http://deb.debian.org/debian bookworm/main amd64 libxcb-glx0 amd64 1.15-1 [122 kB]
Get:29 http://deb.debian.org/debian bookworm/main amd64 libxcb-present0 amd64 1.15-1 [105 kB]
Get:30 http://deb.debian.org/debian bookworm/main amd64 libxcb-randr0 amd64 1.15-1 [117 kB]
Get:31 http://deb.debian.org/debian bookworm/main amd64 libxcb-shm0 amd64 1.15-1 [105 kB]
Get:32 http://deb.debian.org/debian bookworm/main amd64 libxcb-sync1 amd64 1.15-1 [109 kB]
Get:33 http://deb.debian.org/debian bookworm/main amd64 libxcb-xfixes0 amd64 1.15-1 [109 kB]
Get:34 http://deb.debian.org/debian bookworm/main amd64 libxext6 amd64 2:1.3.4-1+b1 [52.9 kB]
Get:35 http://deb.debian.org/debian bookworm/main amd64 libxfixes3 amd64 1:6.0.0-2 [22.7 kB]
Get:36 http://deb.debian.org/debian bookworm/main amd64 libxshmfence1 amd64 1.3-1 [8820 B]
Get:37 http://deb.debian.org/debian bookworm/main amd64 libxxf86vm1 amd64 1:1.1.4-1+b2 [20.8 kB]
Get:38 http://deb.debian.org/debian bookworm/main amd64 libicu72 amd64 72.1-3+deb12u1 [9376 kB]
Get:39 http://deb.debian.org/debian bookworm/main amd64 libxml2 amd64 2.9.14+dfsg-1.3~deb12u6 [689 kB]
Get:40 http://deb.debian.org/debian bookworm/main amd64 libz3-4 amd64 4.8.12-3.1 [7216 kB]
Get:41 http://deb.debian.org/debian bookworm/main amd64 libllvm15 amd64 1:15.0.6-4+b1 [23.1 MB]
Get:42 http://deb.debian.org/debian bookworm/main amd64 libsensors-config all 1:3.6.0-7.1 [14.3 kB]
Get:43 http://deb.debian.org/debian bookworm/main amd64 libsensors5 amd64 1:3.6.0-7.1 [34.2 kB]
Get:44 http://deb.debian.org/debian bookworm/main amd64 libgl1-mesa-dri amd64 22.3.6-1+deb12u2 [7240 kB]
Get:45 http://deb.debian.org/debian bookworm/main amd64 libglx-mesa0 amd64 22.3.6-1+deb12u2 [148 kB]
Get:46 http://deb.debian.org/debian bookworm/main amd64 libglx0 amd64 1.6.0-1 [34.4 kB]
Get:47 http://deb.debian.org/debian bookworm/main amd64 libgl1 amd64 1.6.0-1 [88.4 kB]
Get:48 http://deb.debian.org/debian bookworm/main amd64 libglib2.0-0 amd64 2.74.6-2+deb12u9 [1403 kB]
Get:49 http://deb.debian.org/debian bookworm/main amd64 libglib2.0-data all 2.74.6-2+deb12u9 [1211 kB]
Get:50 http://deb.debian.org/debian bookworm/main amd64 libxmuu1 amd64 2:1.1.3-3 [23.9 kB]
Get:51 http://deb.debian.org/debian bookworm/main amd64 openssl amd64 3.0.20-1~deb12u2 [1439 kB]
Get:52 http://deb.debian.org/debian bookworm/main amd64 publicsuffix all 20230209.2326-1 [126 kB]
Get:53 http://deb.debian.org/debian bookworm/main amd64 shared-mime-info amd64 2.2-1 [729 kB]
Get:54 http://deb.debian.org/debian bookworm/main amd64 xauth amd64 1:1.1.2-1 [36.0 kB]
Get:55 http://deb.debian.org/debian bookworm/main amd64 xdg-user-dirs amd64 0.18-1 [54.4 kB]
debconf: delaying package configuration, since apt-utils is not installed
Fetched 68.1 MB in 0s (145 MB/s)
Selecting previously unselected package less.
(Reading database ... 
[1A(Reading database ... 5%
[1A(Reading database ... 10%
[1A(Reading database ... 15%
[1A(Reading database ... 20%
[1A(Reading database ... 25%
[1A(Reading database ... 30%(Reading database ... 35%(Reading database ... 40%(Reading database ... 45%
[1A(Reading database ... 50%(Reading database ... 55%(Reading database ... 60%(Reading database ... 65%(Reading database ... 70%
[1A(Reading database ... 75%(Reading database ... 80%(Reading database ... 85%(Reading database ... 90%
[1A(Reading database ... 95%(Reading database ... 100%(Reading database ... 16439 files and directories currently installed.)
Preparing to unpack .../00-less_590-2.1~deb12u2_amd64.deb ...
Unpacking less (590-2.1~deb12u2) ...
Selecting previously unselected package libedit2:amd64.
Preparing to unpack .../01-libedit2_3.1-20221030-2_amd64.deb ...
Unpacking libedit2:amd64 (3.1-20221030-2) ...
Selecting previously unselected package libcbor0.8:amd64.
Preparing to unpack .../02-libcbor0.8_0.8.0-2+b1_amd64.deb ...
Unpacking libcbor0.8:amd64 (0.8.0-2+b1) ...
Preparing to unpack .../03-libssl3_3.0.20-1~deb12u2_amd64.deb ...
Unpacking libssl3:amd64 (3.0.20-1~deb12u2) over (3.0.16-1~deb12u1) ...
Selecting previously unselected package libfido2-1:amd64.
Preparing to unpack .../04-libfido2-1_1.12.0-2+b1_amd64.deb ...
Unpacking libfido2-1:amd64 (1.12.0-2+b1) ...
Selecting previously unselected package openssh-client.
Preparing to unpack .../05-openssh-client_1%3a9.2p1-2+deb12u10_amd64.deb ...
Unpacking openssh-client (1:9.2p1-2+deb12u10) ...
Selecting previously unselected package libnghttp2-14:amd64.
Preparing to unpack .../06-libnghttp2-14_1.52.0-1+deb12u3_amd64.deb ...
Unpacking libnghttp2-14:amd64 (1.52.0-1+deb12u3) ...
Selecting previously unselected package libpsl5:amd64.
Preparing to unpack .../07-libpsl5_0.21.2-1_amd64.deb ...
Unpacking libpsl5:amd64 (0.21.2-1) ...
Selecting previously unselected package librtmp1:amd64.
Preparing to unpack .../08-librtmp1_2.4+20151223.gitfa8646d.1-2+b2_amd64.deb ...
Unpacking librtmp1:amd64 (2.4+20151223.gitfa8646d.1-2+b2) ...
Selecting previously unselected package libssh2-1:amd64.
Preparing to unpack .../09-libssh2-1_1.10.0-3+deb12u1_amd64.deb ...
Unpacking libssh2-1:amd64 (1.10.0-3+deb12u1) ...
Selecting previously unselected package libcurl3-gnutls:amd64.
Preparing to unpack .../10-libcurl3-gnutls_7.88.1-10+deb12u15_amd64.deb ...
Unpacking libcurl3-gnutls:amd64 (7.88.1-10+deb12u15) ...
Selecting previously unselected package liberror-perl.
Preparing to unpack .../11-liberror-perl_0.17029-2_all.deb ...
Unpacking liberror-perl (0.17029-2) ...
Selecting previously unselected package git-man.
Preparing to unpack .../12-git-man_1%3a2.39.5-0+deb12u3_all.deb ...
Unpacking git-man (1:2.39.5-0+deb12u3) ...
Selecting previously unselected package git.
Preparing to unpack .../13-git_1%3a2.39.5-0+deb12u3_amd64.deb ...
Unpacking git (1:2.39.5-0+deb12u3) ...
Selecting previously unselected package libdrm-common.
Preparing to unpack .../14-libdrm-common_2.4.114-1_all.deb ...
Unpacking libdrm-common (2.4.114-1) ...
Selecting previously unselected package libdrm2:amd64.
Preparing to unpack .../15-libdrm2_2.4.114-1+b1_amd64.deb ...
Unpacking libdrm2:amd64 (2.4.114-1+b1) ...
Selecting previously unselected package libdrm-amdgpu1:amd64.
Preparing to unpack .../16-libdrm-amdgpu1_2.4.114-1+b1_amd64.deb ...
Unpacking libdrm-amdgpu1:amd64 (2.4.114-1+b1) ...
Selecting previously unselected package libpciaccess0:amd64.
Preparing to unpack .../17-libpciaccess0_0.17-2_amd64.deb ...
Unpacking libpciaccess0:amd64 (0.17-2) ...
Selecting previously unselected package libdrm-intel1:amd64.
Preparing to unpack .../18-libdrm-intel1_2.4.114-1+b1_amd64.deb ...
Unpacking libdrm-intel1:amd64 (2.4.114-1+b1) ...
Selecting previously unselected package libdrm-nouveau2:amd64.
Preparing to unpack .../19-libdrm-nouveau2_2.4.114-1+b1_amd64.deb ...
Unpacking libdrm-nouveau2:amd64 (2.4.114-1+b1) ...
Selecting previously unselected package libdrm-radeon1:amd64.
Preparing to unpack .../20-libdrm-radeon1_2.4.114-1+b1_amd64.deb ...
Unpacking libdrm-radeon1:amd64 (2.4.114-1+b1) ...
Selecting previously unselected package libelf1:amd64.
Preparing to unpack .../21-libelf1_0.188-2.1_amd64.deb ...
Unpacking libelf1:amd64 (0.188-2.1) ...
Selecting previously unselected package libglvnd0:amd64.
Preparing to unpack .../22-libglvnd0_1.6.0-1_amd64.deb ...
Unpacking libglvnd0:amd64 (1.6.0-1) ...
Selecting previously unselected package libglapi-mesa:amd64.
Preparing to unpack .../23-libglapi-mesa_22.3.6-1+deb12u2_amd64.deb ...
Unpacking libglapi-mesa:amd64 (22.3.6-1+deb12u2) ...
Selecting previously unselected package libx11-xcb1:amd64.
Preparing to unpack .../24-libx11-xcb1_2%3a1.8.4-2+deb12u2_amd64.deb ...
Unpacking libx11-xcb1:amd64 (2:1.8.4-2+deb12u2) ...
Selecting previously unselected package libxcb-dri2-0:amd64.
Preparing to unpack .../25-libxcb-dri2-0_1.15-1_amd64.deb ...
Unpacking libxcb-dri2-0:amd64 (1.15-1) ...
Selecting previously unselected package libxcb-dri3-0:amd64.
Preparing to unpack .../26-libxcb-dri3-0_1.15-1_amd64.deb ...
Unpacking libxcb-dri3-0:amd64 (1.15-1) ...
Selecting previously unselected package libxcb-glx0:amd64.
Preparing to unpack .../27-libxcb-glx0_1.15-1_amd64.deb ...
Unpacking libxcb-glx0:amd64 (1.15-1) ...
Selecting previously unselected package libxcb-present0:amd64.
Preparing to unpack .../28-libxcb-present0_1.15-1_amd64.deb ...
Unpacking libxcb-present0:amd64 (1.15-1) ...
Selecting previously unselected package libxcb-randr0:amd64.
Preparing to unpack .../29-libxcb-randr0_1.15-1_amd64.deb ...
Unpacking libxcb-randr0:amd64 (1.15-1) ...
Selecting previously unselected package libxcb-shm0:amd64.
Preparing to unpack .../30-libxcb-shm0_1.15-1_amd64.deb ...
Unpacking libxcb-shm0:amd64 (1.15-1) ...
Selecting previously unselected package libxcb-sync1:amd64.
Preparing to unpack .../31-libxcb-sync1_1.15-1_amd64.deb ...
Unpacking libxcb-sync1:amd64 (1.15-1) ...
Selecting previously unselected package libxcb-xfixes0:amd64.
Preparing to unpack .../32-libxcb-xfixes0_1.15-1_amd64.deb ...
Unpacking libxcb-xfixes0:amd64 (1.15-1) ...
Selecting previously unselected package libxext6:amd64.
Preparing to unpack .../33-libxext6_2%3a1.3.4-1+b1_amd64.deb ...
Unpacking libxext6:amd64 (2:1.3.4-1+b1) ...
Selecting previously unselected package libxfixes3:amd64.
Preparing to unpack .../34-libxfixes3_1%3a6.0.0-2_amd64.deb ...
Unpacking libxfixes3:amd64 (1:6.0.0-2) ...
Selecting previously unselected package libxshmfence1:amd64.
Preparing to unpack .../35-libxshmfence1_1.3-1_amd64.deb ...
Unpacking libxshmfence1:amd64 (1.3-1) ...
Selecting previously unselected package libxxf86vm1:amd64.
Preparing to unpack .../36-libxxf86vm1_1%3a1.1.4-1+b2_amd64.deb ...
Unpacking libxxf86vm1:amd64 (1:1.1.4-1+b2) ...
Selecting previously unselected package libicu72:amd64.
Preparing to unpack .../37-libicu72_72.1-3+deb12u1_amd64.deb ...
Unpacking libicu72:amd64 (72.1-3+deb12u1) ...
Selecting previously unselected package libxml2:amd64.
Preparing to unpack .../38-libxml2_2.9.14+dfsg-1.3~deb12u6_amd64.deb ...
Unpacking libxml2:amd64 (2.9.14+dfsg-1.3~deb12u6) ...
Selecting previously unselected package libz3-4:amd64.
Preparing to unpack .../39-libz3-4_4.8.12-3.1_amd64.deb ...
Unpacking libz3-4:amd64 (4.8.12-3.1) ...
Selecting previously unselected package libllvm15:amd64.
Preparing to unpack .../40-libllvm15_1%3a15.0.6-4+b1_amd64.deb ...
Unpacking libllvm15:amd64 (1:15.0.6-4+b1) ...
Selecting previously unselected package libsensors-config.
Preparing to unpack .../41-libsensors-config_1%3a3.6.0-7.1_all.deb ...
Unpacking libsensors-config (1:3.6.0-7.1) ...
Selecting previously unselected package libsensors5:amd64.
Preparing to unpack .../42-libsensors5_1%3a3.6.0-7.1_amd64.deb ...
Unpacking libsensors5:amd64 (1:3.6.0-7.1) ...
Selecting previously unselected package libgl1-mesa-dri:amd64.
Preparing to unpack .../43-libgl1-mesa-dri_22.3.6-1+deb12u2_amd64.deb ...
Unpacking libgl1-mesa-dri:amd64 (22.3.6-1+deb12u2) ...
Selecting previously unselected package libglx-mesa0:amd64.
Preparing to unpack .../44-libglx-mesa0_22.3.6-1+deb12u2_amd64.deb ...
Unpacking libglx-mesa0:amd64 (22.3.6-1+deb12u2) ...
Selecting previously unselected package libglx0:amd64.
Preparing to unpack .../45-libglx0_1.6.0-1_amd64.deb ...
Unpacking libglx0:amd64 (1.6.0-1) ...
Selecting previously unselected package libgl1:amd64.
Preparing to unpack .../46-libgl1_1.6.0-1_amd64.deb ...
Unpacking libgl1:amd64 (1.6.0-1) ...
Selecting previously unselected package libglib2.0-0:amd64.
Preparing to unpack .../47-libglib2.0-0_2.74.6-2+deb12u9_amd64.deb ...
Unpacking libglib2.0-0:amd64 (2.74.6-2+deb12u9) ...
Selecting previously unselected package libglib2.0-data.
Preparing to unpack .../48-libglib2.0-data_2.74.6-2+deb12u9_all.deb ...
Unpacking libglib2.0-data (2.74.6-2+deb12u9) ...
Selecting previously unselected package libxmuu1:amd64.
Preparing to unpack .../49-libxmuu1_2%3a1.1.3-3_amd64.deb ...
Unpacking libxmuu1:amd64 (2:1.1.3-3) ...
Preparing to unpack .../50-openssl_3.0.20-1~deb12u2_amd64.deb ...
Unpacking openssl (3.0.20-1~deb12u2) over (3.0.16-1~deb12u1) ...
Selecting previously unselected package publicsuffix.
Preparing to unpack .../51-publicsuffix_20230209.2326-1_all.deb ...
Unpacking publicsuffix (20230209.2326-1) ...
Selecting previously unselected package shared-mime-info.
Preparing to unpack .../52-shared-mime-info_2.2-1_amd64.deb ...
Unpacking shared-mime-info (2.2-1) ...
Selecting previously unselected package xauth.
Preparing to unpack .../53-xauth_1%3a1.1.2-1_amd64.deb ...
Unpacking xauth (1:1.1.2-1) ...
Selecting previously unselected package xdg-user-dirs.
Preparing to unpack .../54-xdg-user-dirs_0.18-1_amd64.deb ...
Unpacking xdg-user-dirs (0.18-1) ...
Setting up libxcb-dri3-0:amd64 (1.15-1) ...
Setting up libx11-xcb1:amd64 (2:1.8.4-2+deb12u2) ...
Setting up libpciaccess0:amd64 (0.17-2) ...
Setting up libpsl5:amd64 (0.21.2-1) ...
Setting up libicu72:amd64 (72.1-3+deb12u1) ...
Setting up libxcb-xfixes0:amd64 (1.15-1) ...
Setting up xdg-user-dirs (0.18-1) ...
Setting up libglib2.0-0:amd64 (2.74.6-2+deb12u9) ...
No schema files found: doing nothing.
Setting up libglvnd0:amd64 (1.6.0-1) ...
Setting up libxcb-glx0:amd64 (1.15-1) ...
Setting up libcbor0.8:amd64 (0.8.0-2+b1) ...
Setting up libedit2:amd64 (3.1-20221030-2) ...
Setting up libssl3:amd64 (3.0.20-1~deb12u2) ...
Setting up libsensors-config (1:3.6.0-7.1) ...
Setting up libnghttp2-14:amd64 (1.52.0-1+deb12u3) ...
Setting up less (590-2.1~deb12u2) ...
Setting up libxext6:amd64 (2:1.3.4-1+b1) ...
Setting up libxcb-shm0:amd64 (1.15-1) ...
Setting up libxxf86vm1:amd64 (1:1.1.4-1+b2) ...
Setting up libxcb-present0:amd64 (1.15-1) ...
Setting up liberror-perl (0.17029-2) ...
Setting up libz3-4:amd64 (4.8.12-3.1) ...
Setting up libglib2.0-data (2.74.6-2+deb12u9) ...
Setting up libxfixes3:amd64 (1:6.0.0-2) ...
Setting up libxcb-sync1:amd64 (1.15-1) ...
Setting up librtmp1:amd64 (2.4+20151223.gitfa8646d.1-2+b2) ...
Setting up libsensors5:amd64 (1:3.6.0-7.1) ...
Setting up libglapi-mesa:amd64 (22.3.6-1+deb12u2) ...
Setting up libxcb-dri2-0:amd64 (1.15-1) ...
Setting up libxshmfence1:amd64 (1.3-1) ...
Setting up libxcb-randr0:amd64 (1.15-1) ...
Setting up git-man (1:2.39.5-0+deb12u3) ...
Setting up libssh2-1:amd64 (1.10.0-3+deb12u1) ...
Setting up libfido2-1:amd64 (1.12.0-2+b1) ...
Setting up openssl (3.0.20-1~deb12u2) ...
Setting up libdrm-common (2.4.114-1) ...
Setting up libelf1:amd64 (0.188-2.1) ...
Setting up publicsuffix (20230209.2326-1) ...
Setting up libxml2:amd64 (2.9.14+dfsg-1.3~deb12u6) ...
Setting up libxmuu1:amd64 (2:1.1.3-3) ...
Setting up openssh-client (1:9.2p1-2+deb12u10) ...
Setting up libcurl3-gnutls:amd64 (7.88.1-10+deb12u15) ...
Setting up shared-mime-info (2.2-1) ...
Setting up git (1:2.39.5-0+deb12u3) ...
Setting up libdrm2:amd64 (2.4.114-1+b1) ...
Setting up xauth (1:1.1.2-1) ...
Setting up libllvm15:amd64 (1:15.0.6-4+b1) ...
Setting up libdrm-amdgpu1:amd64 (2.4.114-1+b1) ...
Setting up libdrm-nouveau2:amd64 (2.4.114-1+b1) ...
Setting up libdrm-radeon1:amd64 (2.4.114-1+b1) ...
Setting up libdrm-intel1:amd64 (2.4.114-1+b1) ...
Setting up libgl1-mesa-dri:amd64 (22.3.6-1+deb12u2) ...
Setting up libglx-mesa0:amd64 (22.3.6-1+deb12u2) ...
Setting up libglx0:amd64 (1.6.0-1) ...
Setting up libgl1:amd64 (1.6.0-1) ...
Processing triggers for libc-bin (2.36-9+deb12u13) ...
Saving image...
Image saved, took 1.25s

Built image im-UUg5DhfQXLQWKzP4fNByLf in 12.29s


Building image im-xcrIjA4DKsAfjxt2ljRIQt

=> Step 0: FROM base

=> Step 1: RUN python -m pip install einops git+https://github.com/facebookresearch/vggt huggingface_hub 'numpy<2' opencv-python-headless pillow safetensors torch==2.4.1 torchvision==0.19.1
Looking in indexes: http://pypi-mirror.modal.local:5555/simple
Collecting git+https://github.com/facebookresearch/vggt
  Cloning https://github.com/facebookresearch/vggt to /tmp/pip-req-build-97z2ztra
  Running command git clone --filter=blob:none --quiet https://github.com/facebookresearch/vggt /tmp/pip-req-build-97z2ztra
  Resolved https://github.com/facebookresearch/vggt to commit a288dd0f14786c93483e45524328726ab7b1b4ce
  Installing build dependencies: started
  Installing build dependencies: finished with status 'done'
  Getting requirements to build wheel: started
  Getting requirements to build wheel: finished with status 'done'
  Preparing metadata (pyproject.toml): started
  Preparing metadata (pyproject.toml): finished with status 'done'
Collecting einops
  Downloading http://pypi-mirror.modal.local:5555/simple/einops/einops-0.8.2-py3-none-any.whl.metadata (13 kB)
Collecting huggingface_hub
  Downloading http://pypi-mirror.modal.local:5555/simple/huggingface-hub/huggingface_hub-1.31.0-py3-none-any.whl.metadata (16 kB)
Collecting numpy<2
  Downloading http://pypi-mirror.modal.local:5555/simple/numpy/numpy-1.26.4-cp311-cp311-manylinux_2_17_x86_64.manylinux2014_x86_64.whl.metadata (61 kB)
Collecting opencv-python-headless
  Downloading http://pypi-mirror.modal.local:5555/simple/opencv-python-headless/opencv_python_headless-5.0.0.93-cp37-abi3-manylinux_2_28_x86_64.whl.metadata (19 kB)
Collecting pillow
  Downloading http://pypi-mirror.modal.local:5555/simple/pillow/pillow-12.3.0-cp311-cp311-manylinux_2_27_x86_64.manylinux_2_28_x86_64.whl.metadata (9.1 kB)
Collecting safetensors
  Downloading http://pypi-mirror.modal.local:5555/simple/safetensors/safetensors-0.8.0-cp310-abi3-manylinux_2_17_x86_64.manylinux2014_x86_64.whl.metadata (4.2 kB)
Collecting torch==2.4.1
  Downloading http://pypi-mirror.modal.local:5555/simple/torch/torch-2.4.1-cp311-cp311-manylinux1_x86_64.whl.metadata (26 kB)
Collecting torchvision==0.19.1
  Downloading http://pypi-mirror.modal.local:5555/simple/torchvision/torchvision-0.19.1-cp311-cp311-manylinux1_x86_64.whl.metadata (6.0 kB)
Collecting opencv-python (from vggt==0.0.1)
  Downloading http://pypi-mirror.modal.local:5555/simple/opencv-python/opencv_python-5.0.0.93-cp37-abi3-manylinux_2_28_x86_64.whl.metadata (19 kB)
Collecting filelock (from torch==2.4.1)
  Downloading http://pypi-mirror.modal.local:5555/simple/filelock/filelock-3.32.6-py3-none-any.whl.metadata (2.0 kB)
Collecting typing-extensions>=4.8.0 (from torch==2.4.1)
  Downloading http://pypi-mirror.modal.local:5555/simple/typing-extensions/typing_extensions-4.16.0-py3-none-any.whl.metadata (3.3 kB)
Collecting sympy (from torch==2.4.1)
  Downloading http://pypi-mirror.modal.local:5555/simple/sympy/sympy-1.14.0-py3-none-any.whl.metadata (12 kB)
Collecting networkx (from torch==2.4.1)
  Downloading http://pypi-mirror.modal.local:5555/simple/networkx/networkx-3.6.1-py3-none-any.whl.metadata (6.8 kB)
Collecting jinja2 (from torch==2.4.1)
  Downloading http://pypi-mirror.modal.local:5555/simple/jinja2/jinja2-3.1.6-py3-none-any.whl.metadata (2.9 kB)
Collecting fsspec (from torch==2.4.1)
  Downloading http://pypi-mirror.modal.local:5555/simple/fsspec/fsspec-2026.7.0-py3-none-any.whl.metadata (10 kB)
Collecting nvidia-cuda-nvrtc-cu12==12.1.105 (from torch==2.4.1)
  Downloading http://pypi-mirror.modal.local:5555/simple/nvidia-cuda-nvrtc-cu12/nvidia_cuda_nvrtc_cu12-12.1.105-py3-none-manylinux1_x86_64.whl.metadata (1.5 kB)
Collecting nvidia-cuda-runtime-cu12==12.1.105 (from torch==2.4.1)
  Downloading http://pypi-mirror.modal.local:5555/simple/nvidia-cuda-runtime-cu12/nvidia_cuda_runtime_cu12-12.1.105-py3-none-manylinux1_x86_64.whl.metadata (1.5 kB)
Collecting nvidia-cuda-cupti-cu12==12.1.105 (from torch==2.4.1)
  Downloading http://pypi-mirror.modal.local:5555/simple/nvidia-cuda-cupti-cu12/nvidia_cuda_cupti_cu12-12.1.105-py3-none-manylinux1_x86_64.whl.metadata (1.6 kB)
Collecting nvidia-cudnn-cu12==9.1.0.70 (from torch==2.4.1)
  Downloading http://pypi-mirror.modal.local:5555/simple/nvidia-cudnn-cu12/nvidia_cudnn_cu12-9.1.0.70-py3-none-manylinux2014_x86_64.whl.metadata (1.6 kB)
Collecting nvidia-cublas-cu12==12.1.3.1 (from torch==2.4.1)
  Downloading http://pypi-mirror.modal.local:5555/simple/nvidia-cublas-cu12/nvidia_cublas_cu12-12.1.3.1-py3-none-manylinux1_x86_64.whl.metadata (1.5 kB)
Collecting nvidia-cufft-cu12==11.0.2.54 (from torch==2.4.1)
  Downloading http://pypi-mirror.modal.local:5555/simple/nvidia-cufft-cu12/nvidia_cufft_cu12-11.0.2.54-py3-none-manylinux1_x86_64.whl.metadata (1.5 kB)
Collecting nvidia-curand-cu12==10.3.2.106 (from torch==2.4.1)
  Downloading http://pypi-mirror.modal.local:5555/simple/nvidia-curand-cu12/nvidia_curand_cu12-10.3.2.106-py3-none-manylinux1_x86_64.whl.metadata (1.5 kB)
Collecting nvidia-cusolver-cu12==11.4.5.107 (from torch==2.4.1)
  Downloading http://pypi-mirror.modal.local:5555/simple/nvidia-cusolver-cu12/nvidia_cusolver_cu12-11.4.5.107-py3-none-manylinux1_x86_64.whl.metadata (1.6 kB)
Collecting nvidia-cusparse-cu12==12.1.0.106 (from torch==2.4.1)
  Downloading http://pypi-mirror.modal.local:5555/simple/nvidia-cusparse-cu12/nvidia_cusparse_cu12-12.1.0.106-py3-none-manylinux1_x86_64.whl.metadata (1.6 kB)
Collecting nvidia-nccl-cu12==2.20.5 (from torch==2.4.1)
  Downloading http://pypi-mirror.modal.local:5555/simple/nvidia-nccl-cu12/nvidia_nccl_cu12-2.20.5-py3-none-manylinux2014_x86_64.whl.metadata (1.8 kB)
Collecting nvidia-nvtx-cu12==12.1.105 (from torch==2.4.1)
  Downloading http://pypi-mirror.modal.local:5555/simple/nvidia-nvtx-cu12/nvidia_nvtx_cu12-12.1.105-py3-none-manylinux1_x86_64.whl.metadata (1.7 kB)
Collecting triton==3.0.0 (from torch==2.4.1)
  Downloading http://pypi-mirror.modal.local:5555/simple/triton/triton-3.0.0-1-cp311-cp311-manylinux2014_x86_64.manylinux_2_17_x86_64.whl.metadata (1.3 kB)
Collecting nvidia-nvjitlink-cu12 (from nvidia-cusolver-cu12==11.4.5.107->torch==2.4.1)
  Downloading http://pypi-mirror.modal.local:5555/simple/nvidia-nvjitlink-cu12/nvidia_nvjitlink_cu12-12.9.86-py3-none-manylinux2010_x86_64.manylinux_2_12_x86_64.whl.metadata (1.7 kB)
Collecting click<9.0.0,>=8.4.2 (from huggingface_hub)
  Downloading http://pypi-mirror.modal.local:5555/simple/click/click-8.5.0-py3-none-any.whl.metadata (2.6 kB)
Collecting hf-xet<2.0.0,>=1.5.2 (from huggingface_hub)
  Downloading http://pypi-mirror.modal.local:5555/simple/hf-xet/hf_xet-1.6.0-cp38-abi3-manylinux2014_x86_64.manylinux_2_17_x86_64.whl.metadata (4.9 kB)
Collecting httpx<1,>=0.23.0 (from huggingface_hub)
  Downloading http://pypi-mirror.modal.local:5555/simple/httpx/httpx-0.28.1-py3-none-any.whl.metadata (7.1 kB)
Collecting packaging>=20.9 (from huggingface_hub)
  Downloading http://pypi-mirror.modal.local:5555/simple/packaging/packaging-26.3-py3-none-any.whl.metadata (3.5 kB)
Collecting pyyaml>=5.1 (from huggingface_hub)
  Downloading http://pypi-mirror.modal.local:5555/simple/pyyaml/pyyaml-6.0.3-cp311-cp311-manylinux2014_x86_64.manylinux_2_17_x86_64.manylinux_2_28_x86_64.whl.metadata (2.4 kB)
Collecting tqdm>=4.42.1 (from huggingface_hub)
  Downloading http://pypi-mirror.modal.local:5555/simple/tqdm/tqdm-4.70.1-py3-none-any.whl.metadata (57 kB)
Collecting anyio (from httpx<1,>=0.23.0->huggingface_hub)
  Downloading http://pypi-mirror.modal.local:5555/simple/anyio/anyio-4.15.1-py3-none-any.whl.metadata (4.7 kB)
Collecting certifi (from httpx<1,>=0.23.0->huggingface_hub)
  Downloading http://pypi-mirror.modal.local:5555/simple/certifi/certifi-2026.7.22-py3-none-any.whl.metadata (2.5 kB)
Collecting httpcore==1.* (from httpx<1,>=0.23.0->huggingface_hub)
  Downloading http://pypi-mirror.modal.local:5555/simple/httpcore/httpcore-1.0.9-py3-none-any.whl.metadata (21 kB)
Collecting idna (from httpx<1,>=0.23.0->huggingface_hub)
  Downloading http://pypi-mirror.modal.local:5555/simple/idna/idna-3.19-py3-none-any.whl.metadata (9.2 kB)
Collecting h11>=0.16 (from httpcore==1.*->httpx<1,>=0.23.0->huggingface_hub)
  Downloading http://pypi-mirror.modal.local:5555/simple/h11/h11-0.16.0-py3-none-any.whl.metadata (8.3 kB)
INFO: pip is looking at multiple versions of opencv-python-headless to determine which version is compatible with other requirements. This could take a while.
Collecting opencv-python-headless
  Downloading http://pypi-mirror.modal.local:5555/simple/opencv-python-headless/opencv_python_headless-4.14.0.94-cp37-abi3-manylinux_2_28_x86_64.whl.metadata (19 kB)
  Downloading http://pypi-mirror.modal.local:5555/simple/opencv-python-headless/opencv_python_headless-4.13.0.92-cp37-abi3-manylinux_2_28_x86_64.whl.metadata (19 kB)
  Downloading http://pypi-mirror.modal.local:5555/simple/opencv-python-headless/opencv_python_headless-4.13.0.90-cp37-abi3-manylinux_2_28_x86_64.whl.metadata (19 kB)
  Downloading http://pypi-mirror.modal.local:5555/simple/opencv-python-headless/opencv_python_headless-4.12.0.88-cp37-abi3-manylinux2014_x86_64.manylinux_2_17_x86_64.whl.metadata (19 kB)
  Downloading http://pypi-mirror.modal.local:5555/simple/opencv-python-headless/opencv_python_headless-4.11.0.86-cp37-abi3-manylinux_2_17_x86_64.manylinux2014_x86_64.whl.metadata (20 kB)
Collecting MarkupSafe>=2.0 (from jinja2->torch==2.4.1)
  Downloading http://pypi-mirror.modal.local:5555/simple/markupsafe/markupsafe-3.0.3-cp311-cp311-manylinux2014_x86_64.manylinux_2_17_x86_64.manylinux_2_28_x86_64.whl.metadata (2.7 kB)
INFO: pip is looking at multiple versions of opencv-python to determine which version is compatible with other requirements. This could take a while.
Collecting opencv-python (from vggt==0.0.1)
  Downloading http://pypi-mirror.modal.local:5555/simple/opencv-python/opencv_python-4.14.0.94-cp37-abi3-manylinux_2_28_x86_64.whl.metadata (19 kB)
  Downloading http://pypi-mirror.modal.local:5555/simple/opencv-python/opencv_python-4.13.0.92-cp37-abi3-manylinux_2_28_x86_64.whl.metadata (19 kB)
  Downloading http://pypi-mirror.modal.local:5555/simple/opencv-python/opencv_python-4.13.0.90-cp37-abi3-manylinux_2_28_x86_64.whl.metadata (19 kB)
  Downloading http://pypi-mirror.modal.local:5555/simple/opencv-python/opencv_python-4.12.0.88-cp37-abi3-manylinux2014_x86_64.manylinux_2_17_x86_64.whl.metadata (19 kB)
  Downloading http://pypi-mirror.modal.local:5555/simple/opencv-python/opencv_python-4.11.0.86-cp37-abi3-manylinux_2_17_x86_64.manylinux2014_x86_64.whl.metadata (20 kB)
Collecting mpmath<1.4,>=1.1.0 (from sympy->torch==2.4.1)
  Downloading http://pypi-mirror.modal.local:5555/simple/mpmath/mpmath-1.3.0-py3-none-any.whl.metadata (8.6 kB)
Downloading http://pypi-mirror.modal.local:5555/simple/torch/torch-2.4.1-cp311-cp311-manylinux1_x86_64.whl (797.1 MB)
   ━━━━━━━━━━━━━━━━━━━━━━━━━━━━━━━━━━━━━━━━ 797.1/797.1 MB 276.9 MB/s  0:00:03
Downloading http://pypi-mirror.modal.local:5555/simple/torchvision/torchvision-0.19.1-cp311-cp311-manylinux1_x86_64.whl (7.0 MB)
   ━━━━━━━━━━━━━━━━━━━━━━━━━━━━━━━━━━━━━━━━ 7.0/7.0 MB 388.3 MB/s  0:00:00
Downloading http://pypi-mirror.modal.local:5555/simple/nvidia-cublas-cu12/nvidia_cublas_cu12-12.1.3.1-py3-none-manylinux1_x86_64.whl (410.6 MB)
   ━━━━━━━━━━━━━━━━━━━━━━━━━━━━━━━━━━━━━━━━ 410.6/410.6 MB 275.7 MB/s  0:00:01
Downloading http://pypi-mirror.modal.local:5555/simple/nvidia-cuda-cupti-cu12/nvidia_cuda_cupti_cu12-12.1.105-py3-none-manylinux1_x86_64.whl (14.1 MB)
   ━━━━━━━━━━━━━━━━━━━━━━━━━━━━━━━━━━━━━━━━ 14.1/14.1 MB 293.0 MB/s  0:00:00
Downloading http://pypi-mirror.modal.local:5555/simple/nvidia-cuda-nvrtc-cu12/nvidia_cuda_nvrtc_cu12-12.1.105-py3-none-manylinux1_x86_64.whl (23.7 MB)
   ━━━━━━━━━━━━━━━━━━━━━━━━━━━━━━━━━━━━━━━━ 23.7/23.7 MB 285.2 MB/s  0:00:00
Downloading http://pypi-mirror.modal.local:5555/simple/nvidia-cuda-runtime-cu12/nvidia_cuda_runtime_cu12-12.1.105-py3-none-manylinux1_x86_64.whl (823 kB)
   ━━━━━━━━━━━━━━━━━━━━━━━━━━━━━━━━━━━━━━━━ 823.6/823.6 kB 720.4 MB/s  0:00:00
Downloading http://pypi-mirror.modal.local:5555/simple/nvidia-cudnn-cu12/nvidia_cudnn_cu12-9.1.0.70-py3-none-manylinux2014_x86_64.whl (664.8 MB)
   ━━━━━━━━━━━━━━━━━━━━━━━━━━━━━━━━━━━━━━━━ 664.8/664.8 MB 623.4 MB/s  0:00:01
Downloading http://pypi-mirror.modal.local:5555/simple/nvidia-cufft-cu12/nvidia_cufft_cu12-11.0.2.54-py3-none-manylinux1_x86_64.whl (121.6 MB)
   ━━━━━━━━━━━━━━━━━━━━━━━━━━━━━━━━━━━━━━━━ 121.6/121.6 MB 285.6 MB/s  0:00:00
Downloading http://pypi-mirror.modal.local:5555/simple/nvidia-curand-cu12/nvidia_curand_cu12-10.3.2.106-py3-none-manylinux1_x86_64.whl (56.5 MB)
   ━━━━━━━━━━━━━━━━━━━━━━━━━━━━━━━━━━━━━━━━ 56.5/56.5 MB 283.4 MB/s  0:00:00
Downloading http://pypi-mirror.modal.local:5555/simple/nvidia-cusolver-cu12/nvidia_cusolver_cu12-11.4.5.107-py3-none-manylinux1_x86_64.whl (124.2 MB)
   ━━━━━━━━━━━━━━━━━━━━━━━━━━━━━━━━━━━━━━━━ 124.2/124.2 MB 277.8 MB/s  0:00:00
Downloading http://pypi-mirror.modal.local:5555/simple/nvidia-cusparse-cu12/nvidia_cusparse_cu12-12.1.0.106-py3-none-manylinux1_x86_64.whl (196.0 MB)
   ━━━━━━━━━━━━━━━━━━━━━━━━━━━━━━━━━━━━━━━━ 196.0/196.0 MB 283.0 MB/s  0:00:00
Downloading http://pypi-mirror.modal.local:5555/simple/nvidia-nccl-cu12/nvidia_nccl_cu12-2.20.5-py3-none-manylinux2014_x86_64.whl (176.2 MB)
   ━━━━━━━━━━━━━━━━━━━━━━━━━━━━━━━━━━━━━━━━ 176.2/176.2 MB 280.5 MB/s  0:00:00
Downloading http://pypi-mirror.modal.local:5555/simple/nvidia-nvtx-cu12/nvidia_nvtx_cu12-12.1.105-py3-none-manylinux1_x86_64.whl (99 kB)
Downloading http://pypi-mirror.modal.local:5555/simple/triton/triton-3.0.0-1-cp311-cp311-manylinux2014_x86_64.manylinux_2_17_x86_64.whl (209.4 MB)
   ━━━━━━━━━━━━━━━━━━━━━━━━━━━━━━━━━━━━━━━━ 209.4/209.4 MB 341.4 MB/s  0:00:00
Downloading http://pypi-mirror.modal.local:5555/simple/numpy/numpy-1.26.4-cp311-cp311-manylinux_2_17_x86_64.manylinux2014_x86_64.whl (18.3 MB)
   ━━━━━━━━━━━━━━━━━━━━━━━━━━━━━━━━━━━━━━━━ 18.3/18.3 MB 679.7 MB/s  0:00:00
Downloading http://pypi-mirror.modal.local:5555/simple/einops/einops-0.8.2-py3-none-any.whl (65 kB)
Downloading http://pypi-mirror.modal.local:5555/simple/huggingface-hub/huggingface_hub-1.31.0-py3-none-any.whl (798 kB)
   ━━━━━━━━━━━━━━━━━━━━━━━━━━━━━━━━━━━━━━━━ 798.3/798.3 kB 1.2 GB/s  0:00:00
Downloading http://pypi-mirror.modal.local:5555/simple/click/click-8.5.0-py3-none-any.whl (125 kB)
Downloading http://pypi-mirror.modal.local:5555/simple/hf-xet/hf_xet-1.6.0-cp38-abi3-manylinux2014_x86_64.manylinux_2_17_x86_64.whl (4.5 MB)
   ━━━━━━━━━━━━━━━━━━━━━━━━━━━━━━━━━━━━━━━━ 4.5/4.5 MB 731.9 MB/s  0:00:00
Downloading http://pypi-mirror.modal.local:5555/simple/httpx/httpx-0.28.1-py3-none-any.whl (73 kB)
Downloading http://pypi-mirror.modal.local:5555/simple/httpcore/httpcore-1.0.9-py3-none-any.whl (78 kB)
Downloading http://pypi-mirror.modal.local:5555/simple/opencv-python-headless/opencv_python_headless-4.11.0.86-cp37-abi3-manylinux_2_17_x86_64.manylinux2014_x86_64.whl (50.0 MB)
   ━━━━━━━━━━━━━━━━━━━━━━━━━━━━━━━━━━━━━━━━ 50.0/50.0 MB 670.7 MB/s  0:00:00
Downloading http://pypi-mirror.modal.local:5555/simple/pillow/pillow-12.3.0-cp311-cp311-manylinux_2_27_x86_64.manylinux_2_28_x86_64.whl (6.9 MB)
   ━━━━━━━━━━━━━━━━━━━━━━━━━━━━━━━━━━━━━━━━ 6.9/6.9 MB 718.0 MB/s  0:00:00
Downloading http://pypi-mirror.modal.local:5555/simple/safetensors/safetensors-0.8.0-cp310-abi3-manylinux_2_17_x86_64.manylinux2014_x86_64.whl (516 kB)
Downloading http://pypi-mirror.modal.local:5555/simple/filelock/filelock-3.32.6-py3-none-any.whl (100 kB)
Downloading http://pypi-mirror.modal.local:5555/simple/fsspec/fsspec-2026.7.0-py3-none-any.whl (206 kB)
Downloading http://pypi-mirror.modal.local:5555/simple/h11/h11-0.16.0-py3-none-any.whl (37 kB)
Downloading http://pypi-mirror.modal.local:5555/simple/packaging/packaging-26.3-py3-none-any.whl (129 kB)
Downloading http://pypi-mirror.modal.local:5555/simple/pyyaml/pyyaml-6.0.3-cp311-cp311-manylinux2014_x86_64.manylinux_2_17_x86_64.manylinux_2_28_x86_64.whl (806 kB)
   ━━━━━━━━━━━━━━━━━━━━━━━━━━━━━━━━━━━━━━━━ 806.6/806.6 kB 1.3 GB/s  0:00:00
Downloading http://pypi-mirror.modal.local:5555/simple/tqdm/tqdm-4.70.1-py3-none-any.whl (80 kB)
Downloading http://pypi-mirror.modal.local:5555/simple/typing-extensions/typing_extensions-4.16.0-py3-none-any.whl (45 kB)
Downloading http://pypi-mirror.modal.local:5555/simple/anyio/anyio-4.15.1-py3-none-any.whl (132 kB)
Downloading http://pypi-mirror.modal.local:5555/simple/idna/idna-3.19-py3-none-any.whl (68 kB)
Downloading http://pypi-mirror.modal.local:5555/simple/certifi/certifi-2026.7.22-py3-none-any.whl (136 kB)
Downloading http://pypi-mirror.modal.local:5555/simple/jinja2/jinja2-3.1.6-py3-none-any.whl (134 kB)
Downloading http://pypi-mirror.modal.local:5555/simple/markupsafe/markupsafe-3.0.3-cp311-cp311-manylinux2014_x86_64.manylinux_2_17_x86_64.manylinux_2_28_x86_64.whl (22 kB)
Downloading http://pypi-mirror.modal.local:5555/simple/networkx/networkx-3.6.1-py3-none-any.whl (2.1 MB)
   ━━━━━━━━━━━━━━━━━━━━━━━━━━━━━━━━━━━━━━━━ 2.1/2.1 MB 770.3 MB/s  0:00:00
Downloading http://pypi-mirror.modal.local:5555/simple/nvidia-nvjitlink-cu12/nvidia_nvjitlink_cu12-12.9.86-py3-none-manylinux2010_x86_64.manylinux_2_12_x86_64.whl (39.7 MB)
   ━━━━━━━━━━━━━━━━━━━━━━━━━━━━━━━━━━━━━━━━ 39.7/39.7 MB 290.9 MB/s  0:00:00
Downloading http://pypi-mirror.modal.local:5555/simple/opencv-python/opencv_python-4.11.0.86-cp37-abi3-manylinux_2_17_x86_64.manylinux2014_x86_64.whl (63.0 MB)
   ━━━━━━━━━━━━━━━━━━━━━━━━━━━━━━━━━━━━━━━━ 63.0/63.0 MB 656.8 MB/s  0:00:00
Downloading http://pypi-mirror.modal.local:5555/simple/sympy/sympy-1.14.0-py3-none-any.whl (6.3 MB)
   ━━━━━━━━━━━━━━━━━━━━━━━━━━━━━━━━━━━━━━━━ 6.3/6.3 MB 717.9 MB/s  0:00:00
Downloading http://pypi-mirror.modal.local:5555/simple/mpmath/mpmath-1.3.0-py3-none-any.whl (536 kB)
   ━━━━━━━━━━━━━━━━━━━━━━━━━━━━━━━━━━━━━━━━ 536.2/536.2 kB 1.2 GB/s  0:00:00
Building wheels for collected packages: vggt
  Building wheel for vggt (pyproject.toml): started
  Building wheel for vggt (pyproject.toml): finished with status 'done'
  Created wheel for vggt: filename=vggt-0.0.1-py3-none-any.whl size=94235 sha256=acd71726d5e3f62baf5527dcf7f4a4cab2e8b6fd4cba960c0fed1759ddf89534
  Stored in directory: /tmp/pip-ephem-wheel-cache-9drvmiop/wheels/f1/09/39/6765fc5f5dde2ea53cd2357ec03431ff3f1ce059028bf6eed3
Successfully built vggt
Installing collected packages: mpmath, typing-extensions, tqdm, sympy, safetensors, pyyaml, pillow, packaging, nvidia-nvtx-cu12, nvidia-nvjitlink-cu12, nvidia-nccl-cu12, nvidia-curand-cu12, nvidia-cufft-cu12, nvidia-cuda-runtime-cu12, nvidia-cuda-nvrtc-cu12, nvidia-cuda-cupti-cu12, nvidia-cublas-cu12, numpy, networkx, MarkupSafe, idna, hf-xet, h11, fsspec, filelock, einops, click, certifi, triton, opencv-python-headless, opencv-python, nvidia-cusparse-cu12, nvidia-cudnn-cu12, jinja2, httpcore, anyio, nvidia-cusolver-cu12, httpx, torch, huggingface_hub, vggt, torchvision

Successfully installed MarkupSafe-3.0.3 anyio-4.15.1 certifi-2026.7.22 click-8.5.0 einops-0.8.2 filelock-3.32.6 fsspec-2026.7.0 h11-0.16.0 hf-xet-1.6.0 httpcore-1.0.9 httpx-0.28.1 huggingface_hub-1.31.0 idna-3.19 jinja2-3.1.6 mpmath-1.3.0 networkx-3.6.1 numpy-1.26.4 nvidia-cublas-cu12-12.1.3.1 nvidia-cuda-cupti-cu12-12.1.105 nvidia-cuda-nvrtc-cu12-12.1.105 nvidia-cuda-runtime-cu12-12.1.105 nvidia-cudnn-cu12-9.1.0.70 nvidia-cufft-cu12-11.0.2.54 nvidia-curand-cu12-10.3.2.106 nvidia-cusolver-cu12-11.4.5.107 nvidia-cusparse-cu12-12.1.0.106 nvidia-nccl-cu12-2.20.5 nvidia-nvjitlink-cu12-12.9.86 nvidia-nvtx-cu12-12.1.105 opencv-python-4.11.0.86 opencv-python-headless-4.11.0.86 packaging-26.3 pillow-12.3.0 pyyaml-6.0.3 safetensors-0.8.0 sympy-1.14.0 torch-2.4.1 torchvision-0.19.1 tqdm-4.70.1 triton-3.0.0 typing-extensions-4.16.0 vggt-0.0.1

[notice] A new release of pip is available: 25.2 -> 26.2.1
[notice] To update, run: pip install --upgrade pip
Saving image...
Image saved, took 2.44s

Built image im-xcrIjA4DKsAfjxt2ljRIQt in 67.12s


Stopping app - uncaught exception raised locally: InvalidError('Please add a payment method to use A100-40GB GPU functions.').
╭─ Error ──────────────────────────────────────────────────────────────────────╮
│ Please add a payment method to use A100-40GB GPU functions.                  │
╰──────────────────────────────────────────────────────────────────────────────╯
EXIT 1
Sun Sep 13 02:56:55 PDT 2026
